<!doctype html>
<html>
    <head>
        <title>Test</title>
        <meta charset="utf-8">
    </head>

    <body>
        <header>
    <h1>Hello World</h1>
    <h2>World1</h2>

    <nav>Hello World World1</nav>

</header>


        <main role="main"></main>

        <footer></footer><footer></footer>

        <!-- Some footer action -->
    </body>
</html>
